// Jest Snapshot v1, https://goo.gl/fbAQLP

exports[`matches snapshot 1`] = `
<DocumentFragment>
  <div>
    <div>
      <div>
        <form>
          <label
            for="backgroundColor"
          >
            Background Color:
          </label>
          <input
            id="backgroundColor"
            name="backgroundColor"
            placeholder="Background Color"
            type="text"
            value=""
          />
          <label
            for="width"
          >
            Width:
          </label>
          <input
            id="width"
            name="width"
            type="text"
            value=""
          />
          <label
            for="height"
          >
            Height:
          </label>
          <input
            id="height"
            name="height"
            type="text"
            value=""
          />
          <button>
            Add Box!
          </button>
        </form>
      </div>
    </div>
  </div>
</DocumentFragment>
`;
